===== System Health Report: Sat Sep 27 10:06:36 UTC 2025 =====

--- Disk Usage ---
Filesystem  Size  Used  Avail  Use%  Mounted                    on
tmpfs       390M  1.1M  389M   1%    /run                       
efivarfs    256K  27K   225K   11%   /sys/firmware/efi/efivars  
/dev/sda1   29G   2.2G  26G    8%    /                          
tmpfs       2.0G  0     2.0G   0%    /dev/shm                   
tmpfs       5.0M  0     5.0M   0%    /run/lock                  
/dev/sda16  881M  112M  708M   14%   /boot                      
/dev/sda15  105M  6.2M  99M    6%    /boot/efi                  
tmpfs       390M  12K   390M   1%    /run/user/1000             

--- CPU Load (1/5/15 min) ---
0.08, 0.07, 0.02

--- Memory Usage ---
               total        used        free      shared  buff/cache   available
Mem:           3.8Gi       472Mi       2.9Gi       1.1Mi       726Mi       3.3Gi
Swap:             0B          0B          0B

--- Top 5 CPU Processes ---
    PID    PPID CMD                         %MEM %CPU
   5649       2 [kworker/1:0-events]         0.0  0.0
   6485    6429 sshd: ubuntu@pts/16          0.1  0.0
   5562       2 [kworker/0:0-events]         0.0  0.0
   6885       2 [kworker/u6:3-events_power_  0.0  0.0
    725       1 /usr/lib/snapd/snapd         0.9  0.0

--- Top 5 Memory Processes ---
    PID    PPID CMD                         %MEM %CPU
   2002       1 /usr/libexec/fwupd/fwupd     1.0  0.0
    725       1 /usr/lib/snapd/snapd         0.9  0.0
    362       1 /sbin/multipathd -d -s       0.6  0.0
    789       1 /usr/bin/python3 /usr/share  0.5  0.0
   7280       1 /usr/libexec/packagekitd     0.5  0.0

===== End of Report =====
